-------------------------------------------------------------------------------------------------------------
      name:  <unnamed>
       log:  /Users/anniebryan/Documents/College/2021-22/14.33/Project/scripts/logs/2022.02.21-19.29.43.log.t
> xt
  log type:  text
 opened on:  21 Feb 2022, 19:29:43

. 
. * Configure Stata's library environment and record system parameters
. run "$MyProject/scripts/programs/_config.do"
-------------------------------------------------------------------------------
Date and time: 21 Feb 2022 19:29:43
Stata version: 16.1
Updated as of: 30 Mar 2021
Variant:       SE
Processors:    1
OS:            MacOSX 12.2.0
Machine type:  Macintosh (Intel 64-bit)
-------------------------------------------------------------------------------

. 
. * Stata version control
. version 15

. 
. * Create directories for output files
. cap mkdir "$MyProject/processed"

. cap mkdir "$MyProject/processed/intermediate"

. cap mkdir "$MyProject/results"

. cap mkdir "$MyProject/results/figures"

. cap mkdir "$MyProject/results/intermediate"

. cap mkdir "$MyProject/results/tables"

. 
. * Run project analysis
. do "$MyProject/scripts/1a_process_dispensaries_data.do"

. ************
. * SCRIPT: 1a_process_dispensaries_data.do
. * PURPOSE: imports the raw data, creates variables
. ************
. 
. insheet using "$MyProject/data/dispensaries.csv", comma clear
(66 vars, 944 obs)

. 
. compress
  (0 bytes saved)

. save "$MyProject/processed/intermediate/dispensaries_uncleaned.dta", replace
(note: file /Users/anniebryan/Documents/College/2021-22/14.33/Project/processed/intermediate/dispensaries_unc
> leaned.dta not found)
file /Users/anniebryan/Documents/College/2021-22/14.33/Project/processed/intermediate/dispensaries_uncleaned.
> dta saved

. 
. ** EOF
. 
end of do-file

. 
. * End log
. di "End date and time: $S_DATE $S_TIME"
End date and time: 21 Feb 2022 19:29:43

. log close
      name:  <unnamed>
       log:  /Users/anniebryan/Documents/College/2021-22/14.33/Project/scripts/logs/2022.02.21-19.29.43.log.t
> xt
  log type:  text
 closed on:  21 Feb 2022, 19:29:43
-------------------------------------------------------------------------------------------------------------
