----------------------------------------------------------------------------------------------
      name:  <unnamed>
       log:  /Users/anniebryan/Documents/College/2021-22/14.33/Project/scripts/logs/2022.03.24
> -11.03.52.log.txt
  log type:  text
 opened on:  24 Mar 2022, 11:03:52

. 
. ssc install estout, replace
checking estout consistency and verifying not already installed...
all files already exist and are up to date.

. ssc install outreg2
checking outreg2 consistency and verifying not already installed...
all files already exist and are up to date.

. 
. * Configure Stata's library environment and record system parameters
. run "$MyProject/scripts/programs/_config.do"
-------------------------------------------------------------------------------
Date and time: 24 Mar 2022 11:03:53
Stata version: 17
Updated as of: 15 Feb 2022
Variant:       SE
Processors:    1
OS:            MacOSX 12.2.0
Machine type:  Macintosh (Intel 64-bit)
-------------------------------------------------------------------------------

. 
. * Stata version control
. version 17

. 
. * Create directories for output files
. cap mkdir "$MyProject/processed"

. cap mkdir "$MyProject/processed/intermediate"

. cap mkdir "$MyProject/results"

. cap mkdir "$MyProject/results/figures"

. cap mkdir "$MyProject/results/intermediate"

. cap mkdir "$MyProject/results/tables"

. 
. * Run project analysis
. do "$MyProject/scripts/1_process_data.do"

. ************
. * SCRIPT: 1_process_data.do
. * PURPOSE: imports the raw datasets and converts them into a stata-readable format
. ************
. 
. // MA zoning data
. insheet using "$MyProject/data/ma-zoning-laws/ma-zoning-laws.csv", comma clear
(3 vars, 352 obs)

. compress
  (0 bytes saved)

. save "$MyProject/processed/intermediate/ma_zoning_laws_uncleaned.dta", replace
file
    /Users/anniebryan/Documents/College/2021-22/14.33/Project/processed/intermediate/ma_zoni
    > ng_laws_uncleaned.dta saved

. 
. // US states legality data
. insheet using "$MyProject/data/us-states-legality.csv", comma clear
(6 vars, 51 obs)

. compress
  (0 bytes saved)

. save "$MyProject/processed/us_states_legality.dta", replace
file
    /Users/anniebryan/Documents/College/2021-22/14.33/Project/processed/us_states_legality.d
    > ta saved

. 
. // MA dispensaries data
. insheet using "$MyProject/data/dispensaries.csv", comma clear
(66 vars, 944 obs)

. compress
  (0 bytes saved)

. save "$MyProject/processed/intermediate/dispensaries_uncleaned.dta", replace
file
    /Users/anniebryan/Documents/College/2021-22/14.33/Project/processed/intermediate/dispens
    > aries_uncleaned.dta saved

. 
. // MA property assessments data
. forvalues y = 2014/2021 {
  2.         insheet using "$MyProject/data/property_assessment/property-assessment-fy`y'.csv"
> , comma clear
  3.         compress
  4.         save "$MyProject/processed/intermediate/property_assessments_ma_`y'_uncleaned.dta
> ", replace
  5. }
(56 vars, 164,091 obs)
  variable st_name was str25 now str24
  variable u_heat_typ was str2 now str1
  (328,182 bytes saved)
file
    /Users/anniebryan/Documents/College/2021-22/14.33/Project/processed/intermediate/propert
    > y_assessments_ma_2014_uncleaned.dta saved
(56 vars, 168,115 obs)
  variable st_name was str25 now str24
  variable st_name_suf was str4 now str3
  variable full_address was str55 now str48
  variable u_heat_typ was str2 now str1
  (1,681,150 bytes saved)
file
    /Users/anniebryan/Documents/College/2021-22/14.33/Project/processed/intermediate/propert
    > y_assessments_ma_2015_uncleaned.dta saved
(77 vars, 169,199 obs)
  variable st_name was str25 now str24
  variable st_name_suf was str4 now str3
  (338,398 bytes saved)
file
    /Users/anniebryan/Documents/College/2021-22/14.33/Project/processed/intermediate/propert
    > y_assessments_ma_2016_uncleaned.dta saved
(75 vars, 170,910 obs)
  variable st_name was str25 now str24
  variable st_name_suf was str4 now str3
  (341,820 bytes saved)
file
    /Users/anniebryan/Documents/College/2021-22/14.33/Project/processed/intermediate/propert
    > y_assessments_ma_2017_uncleaned.dta saved
(75 vars, 172,841 obs)
  (0 bytes saved)
file
    /Users/anniebryan/Documents/College/2021-22/14.33/Project/processed/intermediate/propert
    > y_assessments_ma_2018_uncleaned.dta saved
(75 vars, 174,668 obs)
  variable st_name was str25 now str24
  variable st_name_suf was str4 now str3
  (349,336 bytes saved)
file
    /Users/anniebryan/Documents/College/2021-22/14.33/Project/processed/intermediate/propert
    > y_assessments_ma_2019_uncleaned.dta saved
(75 vars, 175,052 obs)
  variable st_name_suf was str5 now str4
  (175,052 bytes saved)
file
    /Users/anniebryan/Documents/College/2021-22/14.33/Project/processed/intermediate/propert
    > y_assessments_ma_2020_uncleaned.dta saved
(63 vars, 177,091 obs)
  (0 bytes saved)
file
    /Users/anniebryan/Documents/College/2021-22/14.33/Project/processed/intermediate/propert
    > y_assessments_ma_2021_uncleaned.dta saved

. 
. // Zillow home value data
. insheet using "$MyProject/data/zhvi_sa_35_65.csv", comma clear
(274 vars, 30,468 obs)

. compress
  (0 bytes saved)

. save "$MyProject/processed/intermediate/zillow_home_values_uncleaned.dta", replace
file
    /Users/anniebryan/Documents/College/2021-22/14.33/Project/processed/intermediate/zillow_
    > home_values_uncleaned.dta saved

. 
. // Boston crash data
. insheet using "$MyProject/data/boston_crashes.csv", comma clear
(25 vars, 108,919 obs)

. compress
  variable v23 was str170 now str169
  (108,919 bytes saved)

. save "$MyProject/processed/intermediate/crashes_boston_uncleaned.dta", replace
file
    /Users/anniebryan/Documents/College/2021-22/14.33/Project/processed/intermediate/crashes
    > _boston_uncleaned.dta saved

. 
. // US crash data
. insheet using "$MyProject/data/fars_nhtsa_fatality_rates_by_state.csv", comma clear
(56 vars, 53 obs)

. compress
  (0 bytes saved)

. save "$MyProject/processed/intermediate/crashes_us_uncleaned.dta", replace
file
    /Users/anniebryan/Documents/College/2021-22/14.33/Project/processed/intermediate/crashes
    > _us_uncleaned.dta saved

. 
. // Boston crime data
. forvalues y = 2015/2022 {
  2.         insheet using "$MyProject/data/crime-incident-reports/crime-incident-reports-`y'.
> csv", comma clear
  3.         compress
  4.         save "$MyProject/processed/intermediate/crime_boston_`y'_uncleaned.dta", replace
  5. }
(17 vars, 53,597 obs)
  (0 bytes saved)
file
    /Users/anniebryan/Documents/College/2021-22/14.33/Project/processed/intermediate/crime_b
    > oston_2015_uncleaned.dta saved
(17 vars, 99,430 obs)
  (0 bytes saved)
file
    /Users/anniebryan/Documents/College/2021-22/14.33/Project/processed/intermediate/crime_b
    > oston_2016_uncleaned.dta saved
(17 vars, 101,338 obs)
  (0 bytes saved)
file
    /Users/anniebryan/Documents/College/2021-22/14.33/Project/processed/intermediate/crime_b
    > oston_2017_uncleaned.dta saved
(17 vars, 98,888 obs)
  (0 bytes saved)
file
    /Users/anniebryan/Documents/College/2021-22/14.33/Project/processed/intermediate/crime_b
    > oston_2018_uncleaned.dta saved
(17 vars, 87,184 obs)
  (0 bytes saved)
file
    /Users/anniebryan/Documents/College/2021-22/14.33/Project/processed/intermediate/crime_b
    > oston_2019_uncleaned.dta saved
(17 vars, 70,894 obs)
  (0 bytes saved)
file
    /Users/anniebryan/Documents/College/2021-22/14.33/Project/processed/intermediate/crime_b
    > oston_2020_uncleaned.dta saved
(17 vars, 71,721 obs)
  (0 bytes saved)
file
    /Users/anniebryan/Documents/College/2021-22/14.33/Project/processed/intermediate/crime_b
    > oston_2021_uncleaned.dta saved
(17 vars, 14,650 obs)
  (0 bytes saved)
file
    /Users/anniebryan/Documents/College/2021-22/14.33/Project/processed/intermediate/crime_b
    > oston_2022_uncleaned.dta saved

. 
. // Offense codes for Boston crime data
. import excel "$MyProject/data/rmsoffensecodes.xlsx", clear
(2 vars, 577 obs)

. compress
  (0 bytes saved)

. save "$MyProject/processed/intermediate/offense_codes.dta", replace
file
    /Users/anniebryan/Documents/College/2021-22/14.33/Project/processed/intermediate/offense
    > _codes.dta saved

. 
. // US crime data
. forvalues y = 2008/2019 {
  2.         import excel "$MyProject/data/fbi_offenses_known_to_law_enforcement/fbi_offenses_
> known_to_law_enforcement_`y'.xls", clear
  3.         compress
  4.         save "$MyProject/processed/intermediate/crime_us_`y'_uncleaned.dta", replace
  5. }
(17 vars, 8,784 obs)
  (0 bytes saved)
file
    /Users/anniebryan/Documents/College/2021-22/14.33/Project/processed/intermediate/crime_u
    > s_2008_uncleaned.dta saved
(13 vars, 9,159 obs)
  (0 bytes saved)
file
    /Users/anniebryan/Documents/College/2021-22/14.33/Project/processed/intermediate/crime_u
    > s_2009_uncleaned.dta saved
(13 vars, 9,321 obs)
  (0 bytes saved)
file
    /Users/anniebryan/Documents/College/2021-22/14.33/Project/processed/intermediate/crime_u
    > s_2010_uncleaned.dta saved
(18 vars, 9,325 obs)
  (0 bytes saved)
file
    /Users/anniebryan/Documents/College/2021-22/14.33/Project/processed/intermediate/crime_u
    > s_2011_uncleaned.dta saved
(15 vars, 9,502 obs)
  (0 bytes saved)
file
    /Users/anniebryan/Documents/College/2021-22/14.33/Project/processed/intermediate/crime_u
    > s_2012_uncleaned.dta saved
(17 vars, 9,306 obs)
  (0 bytes saved)
file
    /Users/anniebryan/Documents/College/2021-22/14.33/Project/processed/intermediate/crime_u
    > s_2013_uncleaned.dta saved
(14 vars, 9,368 obs)
  (0 bytes saved)
file
    /Users/anniebryan/Documents/College/2021-22/14.33/Project/processed/intermediate/crime_u
    > s_2014_uncleaned.dta saved
(14 vars, 9,409 obs)
  (0 bytes saved)
file
    /Users/anniebryan/Documents/College/2021-22/14.33/Project/processed/intermediate/crime_u
    > s_2015_uncleaned.dta saved
(13 vars, 2,626 obs)
  (0 bytes saved)
file
    /Users/anniebryan/Documents/College/2021-22/14.33/Project/processed/intermediate/crime_u
    > s_2016_uncleaned.dta saved
(19 vars, 9,593 obs)
  (0 bytes saved)
file
    /Users/anniebryan/Documents/College/2021-22/14.33/Project/processed/intermediate/crime_u
    > s_2017_uncleaned.dta saved
(13 vars, 9,266 obs)
  (0 bytes saved)
file
    /Users/anniebryan/Documents/College/2021-22/14.33/Project/processed/intermediate/crime_u
    > s_2018_uncleaned.dta saved
(13 vars, 8,117 obs)
  (0 bytes saved)
file
    /Users/anniebryan/Documents/College/2021-22/14.33/Project/processed/intermediate/crime_u
    > s_2019_uncleaned.dta saved

. 
. ** EOF
. 
end of do-file

. 
. do "$MyProject/scripts/2a_clean_ma_zoning_data.do"

. ************
. * SCRIPT: 2a_clean_ma_zoning_data.do
. * PURPOSE: processes the massachusetts zoning dataset in preparation for analysis
. ************
. 
. use "$MyProject/processed/intermediate/ma_zoning_laws_uncleaned.dta", clear

. 
. * Rename variable names to be values from the first row
. foreach var of varlist * {
  2.         local x = strtoname(`var'[1])
  3.         rename `var' `x'
  4. }

. drop in 1
(1 observation deleted)

. 
. * Drop cities with no response
. drop if Adult_Use_Status == "No response" & Delivery_Status == "No response"
(22 observations deleted)

. 
. * Create dummy variables for legality of retail, adult use, and delivery
. gen retail_legal = Adult_Use_Status == "Zoning in place" | Adult_Use_Status == "No zoning in
>  place" | Adult_Use_Status == "Zoning in place, retail license cap" | Adult_Use_Status == "Z
> oning in place; license cap" | Adult_Use_Status == "Zoning in place; license cap; delivery b
> an" | Adult_Use_Status == "Zoning in place; retail cap" | Adult_Use_Status == "Zoning in pla
> ce; retail license cap"

. gen adult_use_legal = retail_legal | Adult_Use_Status == "Retail ban" | Adult_Use_Status == 
> "Zoning in place; retail ban"

. gen delivery_legal = Adult_Use_Status != "Ban in place" & (Delivery_Status == "Delivery perm
> itted" | Delivery_Status == "Delivery permitted; Host Community Agreement signed with busine
> ss maintaining/pursuing delivery license" | Delivery_Status == "No zoning in place" | Adult_
> Use_Status == "No zoning in place")

. drop Adult_Use_Status

. drop Delivery_Status

. 
. * Rename address variable
. rename City_Town city

. 
. * Save dataset
. compress
  variable retail_legal was float now byte
  variable adult_use_legal was float now byte
  variable delivery_legal was float now byte
  (2,961 bytes saved)

. save "$MyProject/processed/ma_zoning_laws.dta", replace
file /Users/anniebryan/Documents/College/2021-22/14.33/Project/processed/ma_zoning_laws.dta
    saved

. 
. ** EOF
. 
end of do-file

. do "$MyProject/scripts/2b_clean_dispensaries_data.do"

. ************
. * SCRIPT: 2b_clean_dispensaries_data.do
. * PURPOSE: processes the dispensaries dataset in preparation for analysis
. ************
. 
. use "$MyProject/processed/intermediate/dispensaries_uncleaned.dta", clear

. 
. * Select only desired columns
. keep business_name license_type establishment_address_1 establishment_city establishment_zip
> _code establishment_county commence_operations_date

. 
. * Keep only entries that have certain license types
. keep if license_type=="Marijuana Retailer"
(564 observations deleted)

. drop license_type

. 
. * Keep only entries that have commenced operations
. keep if commence_operations_date!=""
(186 observations deleted)

. 
. * Create variables for commencement operations month, day, and year
. split commence_operations_date, parse("/")
variables created as string: 
commence_o~1  commence_o~2  commence_o~3

. destring commence_operations_date1, gen(commence_month)
commence_operations_date1: all characters numeric; commence_month generated as byte

. destring commence_operations_date2, gen(commence_day)
commence_operations_date2: all characters numeric; commence_day generated as byte

. destring commence_operations_date3, gen(commence_year)
commence_operations_date3: all characters numeric; commence_year generated as int

. drop commence_operations_date commence_operations_date1 commence_operations_date2 commence_o
> perations_date3

. 
. * Change format of zip code to be 5 digits
. format establishment_zip_code %05.0f

. 
. * Rename address variable
. rename establishment_address_1 establishment_address

. 
. * Save dataset
. compress
  variable business_name was str60 now str58
  variable establishment_address was str54 now str51
  variable establishment_city was str18 now str16
  (1,358 bytes saved)

. save "$MyProject/processed/dispensaries.dta", replace
file /Users/anniebryan/Documents/College/2021-22/14.33/Project/processed/dispensaries.dta
    saved

. 
. ** EOF
. 
end of do-file

. do "$MyProject/scripts/2c_clean_prop_assessments_data.do"

. ************
. * SCRIPT: 2c_clean_prop_assessments_data.do
. * PURPOSE: processes the massachusetts property assessments datasets in preparation for anal
> ysis
. ************
. 
. * Clean dataset for each year, one at a time
. forvalues y = 2014/2021 {
  2.         use "$MyProject/processed/intermediate/property_assessments_ma_`y'_uncleaned.dta"
> , clear
  3.         
.         * Rename 2021 columns to have the same name as other years
.         if `y' == 2021 {
  4.                 rename bldg_value av_bldg
  5.                 rename yr_remodel yr_remod
  6.                 rename res_floor num_floors
  7.                 rename bed_rms r_bdrms
  8.                 rename full_bth r_full_bth
  9.                 rename hlf_bth r_half_bth
 10.                 rename kitchen r_kitch
 11.                 rename heat_type r_heat_typ
 12.         }
 13.         
.         * Select only desired columns
.         keep zipcode av_bldg land_sf yr_built yr_remod living_area num_floors r_bdrms r_full
> _bth r_half_bth r_kitch r_heat_typ
 14.         
.         * Create variable for the year the building was assessed
.         gen year_assessed = `y'
 15.         
.         * Change zipcode column to be of uniform format across years
.         if `y' == 2018 | `y' == 2019 | `y' == 2020 | `y' == 2021 {
 16.                 tostring zipcode, replace
 17.                 replace zipcode = "0" + zipcode
 18.         }
 19.         else {
 20.                 replace zipcode = substr(zipcode, 1, 5)
 21.         }
 22.         
.         * Convert dollar amount av_bldg to int (2021 only)
.         if `y' == 2021 {
 23.                 split av_bldg, parse(".00") gen(dollars)
 24.                 destring dollars1, replace ignore("$,")
 25.                 drop av_bldg
 26.                 rename dollars1 av_bldg
 27.         }
 28. 
.         * Drop entries with missing or 0-valued data
.         drop if av_bldg == 0 | missing(av_bldg)
 29.         drop if land_sf == 0 | missing(land_sf)
 30.         drop if yr_built == 0 | missing(yr_built)
 31.         drop if living_area == 0 | missing(living_area)
 32.         drop if num_floors == 0 | missing(num_floors)
 33.         drop if r_bdrms == 0 | missing(r_bdrms)
 34.         
.         * Create variable for years since built
.         gen yrs_since_built = `y' - yr_built
 35.         
.         * Create variable for years since remodel
.         replace yr_remod = 0 if missing(yr_remod)
 36.         replace yr_remod = yr_built if yr_remod==0
 37.         gen yrs_since_remodel = `y' - yr_remod
 38.         drop yr_built yr_remod
 39.         
.         * Replace missing values with 0
.         replace r_full_bth = 0 if missing(r_full_bth)
 40.         replace r_half_bth = 0 if missing(r_half_bth)
 41.         
.         * Replace string kitchen values with ints
.         if `y' == 2020 {
 42.                 replace r_kitch = "0" if missing(r_kitch)
 43.                 replace r_kitch = substr(r_kitch, 1, 1)
 44.                 replace r_kitch = "0" if real(r_kitch)==. & r_kitch=="N"
 45.                 replace r_kitch = "1" if real(r_kitch)==. & r_kitch!="N"
 46.                 destring r_kitch, replace
 47.         }
 48.         else {
 49.                 replace r_kitch = 0 if missing(r_kitch)
 50.         }
 51.         
.         * Create dummy variables for heat type
.         gen heat_electric = r_heat_typ==`"E"' | r_heat_typ==`"E - Electric"'
 52.         gen heat_forced_hot_air = r_heat_typ==`"F"' | r_heat_typ==`"F - Forced Hot Air"'
 53.         gen heat_pump = r_heat_typ==`"P"' | r_heat_typ==`"P - Heat Pump"'
 54.         gen heat_space = r_heat_typ==`"S"' | r_heat_typ==`"S - Space Heat"'
 55.         gen heat_steam = r_heat_typ==`"W"' | r_heat_typ==`"W - Ht Water/Steam"'
 56.         gen heat_other = r_heat_typ==`"O"' | r_heat_typ==`"O - Other"'
 57.         drop r_heat_typ
 58.         
.         * Save dataset for year `y'
.         compress
 59.         save "$MyProject/processed/intermediate/property_assessments_ma_`y'.dta", replace
 60. }
(164,091 real changes made)
(21,893 observations deleted)
(1,704 observations deleted)
(4,942 observations deleted)
(59 observations deleted)
(253 observations deleted)
(72,638 observations deleted)
(0 real changes made)
(43,120 real changes made)
(0 real changes made)
(0 real changes made)
(0 real changes made)
  variable living_area was long now int
  variable year_assessed was float now int
  variable yrs_since_built was float now int
  variable yrs_since_remodel was float now int
  variable heat_electric was float now byte
  variable heat_forced_hot_air was float now byte
  variable heat_pump was float now byte
  variable heat_space was float now byte
  variable heat_steam was float now byte
  variable heat_other was float now byte
  variable zipcode was str6 now str5
  (1,690,254 bytes saved)
file
    /Users/anniebryan/Documents/College/2021-22/14.33/Project/processed/intermediate/propert
    > y_assessments_ma_2014.dta saved
(168,104 real changes made)
(22,311 observations deleted)
(2,962 observations deleted)
(4,940 observations deleted)
(68 observations deleted)
(295 observations deleted)
(74,781 observations deleted)
(2,864 real changes made)
(42,368 real changes made)
(0 real changes made)
(0 real changes made)
(0 real changes made)
  variable living_area was long now int
  variable year_assessed was float now int
  variable yrs_since_built was float now int
  variable yrs_since_remodel was float now int
  variable heat_electric was float now byte
  variable heat_forced_hot_air was float now byte
  variable heat_pump was float now byte
  variable heat_space was float now byte
  variable heat_steam was float now byte
  variable heat_other was float now byte
  variable zipcode was str6 now str5
  (1,694,466 bytes saved)
file
    /Users/anniebryan/Documents/College/2021-22/14.33/Project/processed/intermediate/propert
    > y_assessments_ma_2015.dta saved
(169,193 real changes made)
(22,306 observations deleted)
(3,439 observations deleted)
(5,010 observations deleted)
(74 observations deleted)
(301 observations deleted)
(75,519 observations deleted)
(2,932 real changes made)
(41,574 real changes made)
(0 real changes made)
(0 real changes made)
(0 real changes made)
  variable living_area was long now int
  variable year_assessed was float now int
  variable yrs_since_built was float now int
  variable yrs_since_remodel was float now int
  variable heat_electric was float now byte
  variable heat_forced_hot_air was float now byte
  variable heat_pump was float now byte
  variable heat_space was float now byte
  variable heat_steam was float now byte
  variable heat_other was float now byte
  variable zipcode was str6 now str5
  (1,688,850 bytes saved)
file
    /Users/anniebryan/Documents/College/2021-22/14.33/Project/processed/intermediate/propert
    > y_assessments_ma_2016.dta saved
(170,903 real changes made)
(22,308 observations deleted)
(4,211 observations deleted)
(5,077 observations deleted)
(77 observations deleted)
(335 observations deleted)
(76,455 observations deleted)
(3,028 real changes made)
(40,558 real changes made)
(0 real changes made)
(0 real changes made)
(0 real changes made)
  variable living_area was long now int
  variable year_assessed was float now int
  variable yrs_since_built was float now int
  variable yrs_since_remodel was float now int
  variable heat_electric was float now byte
  variable heat_forced_hot_air was float now byte
  variable heat_pump was float now byte
  variable heat_space was float now byte
  variable heat_steam was float now byte
  variable heat_other was float now byte
  variable zipcode was str6 now str5
  (1,686,069 bytes saved)
file
    /Users/anniebryan/Documents/College/2021-22/14.33/Project/processed/intermediate/propert
    > y_assessments_ma_2017.dta saved
zipcode was int now str4
variable zipcode was str4 now str5
(172,841 real changes made)
(22,307 observations deleted)
(4,950 observations deleted)
(5,018 observations deleted)
(86 observations deleted)
(321 observations deleted)
(77,828 observations deleted)
(3,082 real changes made)
(39,484 real changes made)
(0 real changes made)
(0 real changes made)
(0 real changes made)
  variable living_area was long now int
  variable year_assessed was float now int
  variable yrs_since_built was float now int
  variable yrs_since_remodel was float now int
  variable heat_electric was float now byte
  variable heat_forced_hot_air was float now byte
  variable heat_pump was float now byte
  variable heat_space was float now byte
  variable heat_steam was float now byte
  variable heat_other was float now byte
  (1,620,606 bytes saved)
file
    /Users/anniebryan/Documents/College/2021-22/14.33/Project/processed/intermediate/propert
    > y_assessments_ma_2018.dta saved
zipcode was int now str4
variable zipcode was str4 now str5
(174,668 real changes made)
(22,445 observations deleted)
(5,483 observations deleted)
(5,048 observations deleted)
(91 observations deleted)
(284 observations deleted)
(79,130 observations deleted)
(3,187 real changes made)
(38,511 real changes made)
(0 real changes made)
(0 real changes made)
(0 real changes made)
  variable living_area was long now int
  variable year_assessed was float now int
  variable yrs_since_built was float now int
  variable yrs_since_remodel was float now int
  variable heat_electric was float now byte
  variable heat_forced_hot_air was float now byte
  variable heat_pump was float now byte
  variable heat_space was float now byte
  variable heat_steam was float now byte
  variable heat_other was float now byte
  (1,616,862 bytes saved)
file
    /Users/anniebryan/Documents/College/2021-22/14.33/Project/processed/intermediate/propert
    > y_assessments_ma_2019.dta saved
zipcode was int now str4
variable zipcode was str4 now str5
(175,052 real changes made)
(17,692 observations deleted)
(76,938 observations deleted)
(6,336 observations deleted)
(73 observations deleted)
(224 observations deleted)
(13,496 observations deleted)
(36,313 real changes made)
(36,314 real changes made)
(0 real changes made)
(1 real change made)
(8 real changes made)
(60,285 real changes made)
(3 real changes made)
(3 real changes made)
r_kitch: all characters numeric; replaced as byte
  variable living_area was long now int
  variable year_assessed was float now int
  variable yrs_since_built was float now int
  variable yrs_since_remodel was float now int
  variable heat_electric was float now byte
  variable heat_forced_hot_air was float now byte
  variable heat_pump was float now byte
  variable heat_space was float now byte
  variable heat_steam was float now byte
  variable heat_other was float now byte
  (1,567,618 bytes saved)
file
    /Users/anniebryan/Documents/College/2021-22/14.33/Project/processed/intermediate/propert
    > y_assessments_ma_2020.dta saved
zipcode was int now str4
variable zipcode was str4 now str5
(177,091 real changes made)
variable created as string: 
dollars1
dollars1: characters $ , removed; replaced as long
(18079 missing values generated)
(18,079 observations deleted)
(74,156 observations deleted)
(9,214 observations deleted)
(89 observations deleted)
(255 observations deleted)
(13,357 observations deleted)
(36,896 real changes made)
(36,896 real changes made)
(6 real changes made)
(40,802 real changes made)
(7 real changes made)
  variable living_area was long now int
  variable year_assessed was float now int
  variable yrs_since_built was float now int
  variable yrs_since_remodel was float now int
  variable heat_electric was float now byte
  variable heat_forced_hot_air was float now byte
  variable heat_pump was float now byte
  variable heat_space was float now byte
  variable heat_steam was float now byte
  variable heat_other was float now byte
  (1,610,466 bytes saved)
file
    /Users/anniebryan/Documents/College/2021-22/14.33/Project/processed/intermediate/propert
    > y_assessments_ma_2021.dta saved

. 
. * Merge datasets from 2014-2021 into one dataset containing all years
. use "$MyProject/processed/intermediate/property_assessments_ma_2014.dta", clear

. forvalues y = 2015/2021 {
  2.         append using "$MyProject/processed/intermediate/property_assessments_ma_`y'.dta"
  3. }

. 
. * Save dataset containing all years
. compress
  (0 bytes saved)

. save "$MyProject/processed/property_assessments_ma.dta", replace
file
    /Users/anniebryan/Documents/College/2021-22/14.33/Project/processed/property_assessments
    > _ma.dta saved

. 
. ** EOF
. 
end of do-file

. do "$MyProject/scripts/2d_clean_home_values_data.do"

. ************
. * SCRIPT: 2d_clean_home_values_data.do
. * PURPOSE: processes the zillow home value dataset in preparation for analysis
. ************
. 
. use "$MyProject/processed/intermediate/zillow_home_values_uncleaned.dta", clear

. 
. * Select only desired columns
. drop regionid sizerank regiontype statename city metro countyname

. 
. * Rename zipcode
. rename regionname zipcode

. 
. * Rename v10-v274 to their label (month/year)
. foreach v of varlist v* {
  2.         local x: variable label `v'
  3.         local year = substr("`x'", 1, 4)
  4.         local month = substr("`x'", 6, 2)
  5.         rename `v' hv_`month'_`year'
  6. }

. 
. * Save dataset
. compress
  (0 bytes saved)

. save "$MyProject/processed/zillow_home_values.dta", replace
(file
    /Users/anniebryan/Documents/College/2021-22/14.33/Project/processed/zillow_home_values.d
    > ta not found)
file
    /Users/anniebryan/Documents/College/2021-22/14.33/Project/processed/zillow_home_values.d
    > ta saved

. 
. ** EOF
. 
end of do-file

. do "$MyProject/scripts/2e_clean_boston_crash_data.do"

. ************
. * SCRIPT: 2e_clean_boston_crash_data.do
. * PURPOSE: processes the boston crash dataset in preparation for analysis
. ************
. 
. use "$MyProject/processed/intermediate/crashes_boston_uncleaned.dta", clear

. 
. * Delete first 2 rows
. drop if _n==1 | _n==2
(2 observations deleted)

. compress
  variable v1 was str1658 now str12
  (179,277,382 bytes saved)

. 
. * Rename variable names to be values from the first row
. foreach var of varlist * {
  2.         local x = strtoname(`var'[1])
  3.         rename `var' `x'
  4. }

. drop in 1
(1 observation deleted)

. 
. * Select only desired columns
. keep Crash_Number Crash_Date Crash_Time Number_of_Vehicles Total_Nonfatal_Injuries Total_Fat
> al_Injuries Road_Surface_Condition Ambient_Light Weather_Condition Distance_From_Nearest_Roa
> dway_In

. 
. * Create variables for crash month, day, and year
. split Crash_Date, parse("-")
variables created as string: 
Crash_Date1  Crash_Date2  Crash_Date3

. destring Crash_Date1, gen(crash_date)
Crash_Date1: all characters numeric; crash_date generated as byte

. gen crash_month = month(date(Crash_Date2,"M"))

. destring Crash_Date3, gen(crash_year)
Crash_Date3: all characters numeric; crash_year generated as int

. drop Crash_Date Crash_Date1 Crash_Date2 Crash_Date3

. 
. * Create variable for crash hour (0-23)
. split Crash_Time, parse(" ")
variables created as string: 
Crash_Time1  Crash_Time2

. split Crash_Time1, parse(":")
variables created as string: 
Crash_Time11  Crash_Time12

. destring Crash_Time11, gen(crash_hour)
Crash_Time11: all characters numeric; crash_hour generated as byte

. gen crash_hour_24 = mod(crash_hour + 12 * (Crash_Time2 == "PM" & crash_hour != 12) - 12 * (C
> rash_Time2 == "AM" & crash_hour == 12), 24)

. drop Crash_Time Crash_Time1 Crash_Time2 Crash_Time11 Crash_Time12

. 
. * Create variable for day of the week (0 = Sunday, 1 = Monday, ..., 6 = Saturday)
. gen crash_dow = dow(mdy(crash_month, crash_date, crash_year))

. 
. * Convert numerical string variables to ints
. destring Number_of_Vehicles, gen(num_vehicles)
Number_of_Vehicles: all characters numeric; num_vehicles generated as byte

. destring Total_Nonfatal_Injuries, gen(num_nonfatal_injuries)
Total_Nonfatal_Injuries: all characters numeric; num_nonfatal_injuries generated as byte

. destring Total_Fatal_Injuries, gen(num_fatal_injuries)
Total_Fatal_Injuries: all characters numeric; num_fatal_injuries generated as byte

. drop Number_of_Vehicles Total_Nonfatal_Injuries Total_Fatal_Injuries

. 
. * Generate dummy variables for road conditions
. gen road_condition_ice = Road_Surface_Condition==`"Ice"'

. gen road_condition_wet = Road_Surface_Condition==`"Wet"' | Road_Surface_Condition==`"Water (
> standing, moving)"'

. gen road_condition_snow = Road_Surface_Condition==`"Snow"' | Road_Surface_Condition==`"Slush
> "'

. gen road_condition_unknown = Road_Surface_Condition==`"Unknown"' | Road_Surface_Condition==`
> "Other"' | Road_Surface_Condition==`"Not reported"'

. drop Road_Surface_Condition

. 
. * Generate dummy variables for light conditions
. gen light_condition_dark = Ambient_Light==`"Dark - roadway not lighted"' | Ambient_Light==`"
> Dark - unknown roadway lighting"'

. gen light_condition_dark_lighted = Ambient_Light==`"Dark - lighted roadway"'

. gen light_condition_dawn = Ambient_Light==`"Dawn"'

. gen light_condition_dusk = Ambient_Light==`"Dusk"'

. gen light_condition_unknown = Ambient_Light==`"Unknown"' | Ambient_Light==`"Other"' | Ambien
> t_Light==`"Not reported"'

. drop Ambient_Light

. 
. * Generate dummy variables for weather conditions
. split Weather_Condition, parse("/")
variables created as string: 
Weather_Co~1  Weather_Co~2

. gen weather_condition_rain = Weather_Condition1==`"Rain"' | Weather_Condition2==`"Rain"'

. gen weather_condition_snow = Weather_Condition1==`"Blowing sand, snow"' | Weather_Condition2
> ==`"Blowing sand, snow"' | Weather_Condition1==`"Snow"' | Weather_Condition2==`"Snow"'

. gen weather_condition_sleet = Weather_Condition1==`"Sleet, hail (freezing rain or drizzle)"'
>  | Weather_Condition2==`"Sleet, hail (freezing rain or drizzle)"'

. gen weather_condition_fog = Weather_Condition1==`"Fog, smog, smoke"' | Weather_Condition2==`
> "Fog, smog, smoke"'

. gen weather_condition_wind = Weather_Condition1==`"Severe crosswinds"' | Weather_Condition2=
> =`"Severe crosswinds"'

. gen weather_condition_unknown = (Weather_Condition1==`"Unknown"' & (Weather_Condition2==`"Un
> known"' | Weather_Condition2==`"Other"')) | Weather_Condition1==`"Not reported"'

. drop Weather_Condition Weather_Condition1 Weather_Condition2

. 
. * Save dataset
. compress
  variable crash_month was float now byte
  variable crash_hour_24 was float now byte
  variable crash_dow was float now byte
  variable road_condition_ice was float now byte
  variable road_condition_wet was float now byte
  variable road_condition_snow was float now byte
  variable road_condition_unknown was float now byte
  variable light_condition_dark was float now byte
  variable light_condition_dark_lighted was float now byte
  variable light_condition_dawn was float now byte
  variable light_condition_dusk was float now byte
  variable light_condition_unknown was float now byte
  variable weather_condition_rain was float now byte
  variable weather_condition_snow was float now byte
  variable weather_condition_sleet was float now byte
  variable weather_condition_fog was float now byte
  variable weather_condition_wind was float now byte
  variable weather_condition_unknown was float now byte
  variable Crash_Number was str12 now str7
  (6,426,044 bytes saved)

. save "$MyProject/processed/crashes_boston.dta", replace
(file /Users/anniebryan/Documents/College/2021-22/14.33/Project/processed/crashes_boston.dta
    not found)
file /Users/anniebryan/Documents/College/2021-22/14.33/Project/processed/crashes_boston.dta
    saved

. 
. ** EOF
. 
end of do-file

. do "$MyProject/scripts/2f_clean_us_crash_data.do"

. ************
. * SCRIPT: 2f_clean_us_crash_data.do
. * PURPOSE: processes the us crash dataset in preparation for analysis
. ************
. 
. use "$MyProject/processed/intermediate/crashes_us_uncleaned.dta", clear

. 
. * Delete first row
. drop if _n==1
(1 observation deleted)

. compress
  (0 bytes saved)

. 
. * Delete row with USA totals
. drop if State=="USA"
(1 observation deleted)

. 
. * Select only desired columns
. keep State v3-v28 v30-v55

. 
. * Rename v3-v28 to their label (fatalities in a given yer)
. foreach v of varlist v3-v28 {
  2.         local x: variable label `v'
  3.         rename `v' num_fatalities_`x'
  4. }

. * Rename v30-v55 to their label (fatalities per 100 million miles traveled)
. foreach v of varlist v30-v55 {
  2.         local x: variable label `v'
  3.         rename `v' fatality_rate_`x'
  4. }

. 
. ** EOF
. 
end of do-file

. do "$MyProject/scripts/2g_clean_boston_crime_data.do"

. ************
. * SCRIPT: 2g_clean_boston_crime_data.do
. * PURPOSE: processes the boston crime dataset in preparation for analysis
. ************
. 
. * Clean dataset of offense codes
. use "$MyProject/processed/intermediate/offense_codes.dta", clear

. foreach var of varlist * {
  2.         local x = strtoname(`var'[1])
  3.         rename `var' `x'
  4. }

. drop in 1
(1 observation deleted)

. 
. * Rename variables
. rename CODE code

. rename NAME name

. 
. * Convert code variable to int type
. destring code, replace
code: all characters numeric; replaced as int

. 
. * Drop duplicate codes, keeping the first occurrence
. sort code

. qui by code: gen dup = cond(_N==1, 0, _n)

. drop if dup > 1
(151 observations deleted)

. drop dup

. 
. * Create dummy variables for each type of crime
. gen arson = (code >= 900 & code <= 930)

. gen assault = (code >= 401 & code <= 433) | (code >= 801 & code <= 803) | (code==1702) | (co
> de >= 1725 & code <= 1727) | (code == 3170)

. gen auto_law_violation = (code == 2624) | (code >= 2900 & code <= 2917)

. gen burglary = (code >= 510 & code <= 562) | (code == 2010) | (code == 2616)

. gen counterfeiting = (code == 1001) | (code == 1002)

. gen destruction = (code >= 1401 & code <= 1415) | (code == 3106) | (code == 3701) | (code ==
>  3802) | (code == 3831)

. gen disorderly = (code >= 2401 & code <= 2407) | (code >= 3301 & code <= 3305)

. gen drug = (code >= 1805 & code <= 1875) | (code == 2609) | (code >= 3021 & code <= 3023)

. gen dui = (code == 2101) | (code == 2102)

. gen embezzlement = (code == 1201)

. gen extortion = (code == 2604)

. gen family_offenses = (code >= 2003 & code <= 2005)

. gen fraud = (code >= 1101 & code <= 1109)

. gen gambling = (code >= 1901 & code <= 1904)

. gen harassment = (code == 804) | (code == 2629) | (code == 2670) | (code == 3151)

. gen homicide = (code >= 111 & code <= 125)

. gen kidnapping = (code == 2511) | (code == 2622)

. gen larceny = (code >= 611 & code <= 649)

. gen liquor_law = (code >= 2201 & code <= 2204) | (code == 2646)

. gen motor_vehicle_theft = (code >= 701 & code <= 790)

. gen obscene_material = (code == 2623 | code == 2628)

. gen prostitution = (code >= 1601 & code <= 1607)

. gen robbery = (code >= 301 & code <= 381)

. gen sex_offenses = (code >= 211 & code <= 271) | (code >= 1610 & code <= 1723) | (code == 17
> 30) | (code == 1731)

. gen stolen_property = (code >= 1300 & code <= 1304)

. gen weapon = (code >= 1501 & code <= 1510) | (code == 3119)

. 
. gen motor_vehicle_accident = (code >= 3701 & code <= 3831)

. 
. gen crimes_against_property = (arson + burglary + counterfeiting + destruction + embezzlemen
> t + extortion + fraud + larceny + motor_vehicle_theft + robbery + stolen_property >= 1)

. gen crimes_against_persons = (assault + homicide + kidnapping + sex_offenses >= 1)

. gen crimes_against_society = (auto_law_violation + disorderly + drug + dui + family_offenses
>  + gambling + liquor_law + obscene_material + prostitution + weapon >= 1)

. 
. drop arson assault auto_law_violation burglary counterfeiting destruction disorderly drug du
> i embezzlement extortion family_offenses fraud gambling harassment homicide kidnapping larce
> ny liquor_law motor_vehicle_theft obscene_material prostitution robbery sex_offenses stolen_
> property weapon

. 
. rename code offense_code

. 
. compress
  variable motor_vehicle_accident was float now byte
  variable crimes_against_property was float now byte
  variable crimes_against_persons was float now byte
  variable crimes_against_society was float now byte
  variable name was str58 now str50
  (8,500 bytes saved)

. save "$MyProject/processed/offense_codes.dta", replace
file /Users/anniebryan/Documents/College/2021-22/14.33/Project/processed/offense_codes.dta
    saved

. 
. * Clean dataset for each year, one at a time
. forvalues y = 2015/2022 {
  2.         use "$MyProject/processed/intermediate/crime_boston_`y'_uncleaned.dta", clear
  3.         
.         * Merge with offense codes dataset
.         sort offense_code
  4.         merge m:1 offense_code using "$MyProject/processed/offense_codes.dta"
  5.         drop if _merge==2
  6.         
.         * Select only desired columns
.         keep district year month day_of_week hour latitude longitude motor_vehicle_accident 
> crimes_against_property crimes_against_persons crimes_against_society
  7.         
.         * Convert day_of_week variable to int (0 = Sunday, 1 = Monday, ..., 6 = Saturday)
.         rename day_of_week dow
  8.         gen day_of_week = cond(dow == "Sunday", 0, cond(dow == "Monday", 1, cond(dow == "
> Tuesday", 2, cond(dow == "Wednesday", 3, cond(dow == "Thursday", 4, cond(dow == "Friday", 5,
>  cond(dow == "Saturday", 6, .)))))))
  9.         drop dow
 10.         
.         * Save dataset for year `y'
.         compress
 11.         save "$MyProject/processed/intermediate/crime_boston_`y'.dta", replace
 12. }

    Result                      Number of obs
    -----------------------------------------
    Not matched                           225
        from master                         0  (_merge==1)
        from using                        225  (_merge==2)

    Matched                            53,597  (_merge==3)
    -----------------------------------------
(225 observations deleted)
  variable day_of_week was float now byte
  (160,791 bytes saved)
file
    /Users/anniebryan/Documents/College/2021-22/14.33/Project/processed/intermediate/crime_b
    > oston_2015.dta saved

    Result                      Number of obs
    -----------------------------------------
    Not matched                           221
        from master                         0  (_merge==1)
        from using                        221  (_merge==2)

    Matched                            99,430  (_merge==3)
    -----------------------------------------
(221 observations deleted)
  variable day_of_week was float now byte
  (298,290 bytes saved)
file
    /Users/anniebryan/Documents/College/2021-22/14.33/Project/processed/intermediate/crime_b
    > oston_2016.dta saved

    Result                      Number of obs
    -----------------------------------------
    Not matched                           236
        from master                         0  (_merge==1)
        from using                        236  (_merge==2)

    Matched                           101,338  (_merge==3)
    -----------------------------------------
(236 observations deleted)
  variable day_of_week was float now byte
  (304,014 bytes saved)
file
    /Users/anniebryan/Documents/College/2021-22/14.33/Project/processed/intermediate/crime_b
    > oston_2017.dta saved

    Result                      Number of obs
    -----------------------------------------
    Not matched                           241
        from master                         0  (_merge==1)
        from using                        241  (_merge==2)

    Matched                            98,888  (_merge==3)
    -----------------------------------------
(241 observations deleted)
  variable day_of_week was float now byte
  (296,664 bytes saved)
file
    /Users/anniebryan/Documents/College/2021-22/14.33/Project/processed/intermediate/crime_b
    > oston_2018.dta saved

    Result                      Number of obs
    -----------------------------------------
    Not matched                         1,948
        from master                     1,693  (_merge==1)
        from using                        255  (_merge==2)

    Matched                            85,491  (_merge==3)
    -----------------------------------------
(255 observations deleted)
  variable day_of_week was float now byte
  (261,552 bytes saved)
file
    /Users/anniebryan/Documents/College/2021-22/14.33/Project/processed/intermediate/crime_b
    > oston_2019.dta saved

    Result                      Number of obs
    -----------------------------------------
    Not matched                         5,029
        from master                     4,718  (_merge==1)
        from using                        311  (_merge==2)

    Matched                            66,176  (_merge==3)
    -----------------------------------------
(311 observations deleted)
  variable day_of_week was float now byte
  (212,682 bytes saved)
file
    /Users/anniebryan/Documents/College/2021-22/14.33/Project/processed/intermediate/crime_b
    > oston_2020.dta saved

    Result                      Number of obs
    -----------------------------------------
    Not matched                         5,648
        from master                     5,339  (_merge==1)
        from using                        309  (_merge==2)

    Matched                            66,382  (_merge==3)
    -----------------------------------------
(309 observations deleted)
  variable day_of_week was float now byte
  (215,163 bytes saved)
file
    /Users/anniebryan/Documents/College/2021-22/14.33/Project/processed/intermediate/crime_b
    > oston_2021.dta saved

    Result                      Number of obs
    -----------------------------------------
    Not matched                           407
        from master                        91  (_merge==1)
        from using                        316  (_merge==2)

    Matched                            14,559  (_merge==3)
    -----------------------------------------
(316 observations deleted)
  variable day_of_week was float now byte
  (43,950 bytes saved)
file
    /Users/anniebryan/Documents/College/2021-22/14.33/Project/processed/intermediate/crime_b
    > oston_2022.dta saved

. 
. * Merge datasets from 2014-2021 into one dataset containing all years
. use "$MyProject/processed/intermediate/crime_boston_2015.dta", clear

. forvalues y = 2016/2022 {
  2.         append using "$MyProject/processed/intermediate/crime_boston_`y'.dta"
  3. }
(variable district was str3, now str8 to accommodate using data's values)

. 
. * Drop rows with unknown offense_code
. drop if missing(crimes_against_property)
(11,841 observations deleted)

. 
. * Drop rows with missing location data
. drop if (missing(district) | district == "External") & (missing(latitude) | missing(longitud
> e))
(318 observations deleted)

. 
. * Replace missing latitude/longitude data with median of district
. replace latitude = . if latitude <= 40
(71,714 real changes made, 71,714 to missing)

. bysort district: egen median_latitude = median(latitude)

. replace latitude = median_latitude if missing(latitude)
(93,926 real changes made)

. drop median_latitude

. 
. replace longitude = . if longitude >= -50
(71,714 real changes made, 71,714 to missing)

. bysort district: egen median_longitude = median(longitude)

. replace longitude = median_longitude if missing(longitude)
(93,926 real changes made)

. drop median_longitude

. 
. drop district

. 
. * Save dataset containing all years
. compress
  (0 bytes saved)

. save "$MyProject/processed/crime_boston.dta", replace
file /Users/anniebryan/Documents/College/2021-22/14.33/Project/processed/crime_boston.dta
    saved

. 
. ** EOF
. 
end of do-file

. do "$MyProject/scripts/2h_clean_us_crime_data.do"

. ************
. * SCRIPT: 2h_clean_us_crime_data.do
. * PURPOSE: processes the fbi table 8 dataset in preparation for analysis
. ************
. 
. // forvalues y = 2008/2019 {
. forvalues y = 2008/2008 {
  2.         use "$MyProject/processed/intermediate/crime_us_`y'_uncleaned.dta", clear
  3.         
.         * Drop first 3 rows
.         drop if _n==1 | _n==2 | _n==3
  4.         
.         * Drop last 4 empty columns
.         drop N O P Q
  5.         
.         * Rename variable names to be values from the first row
.         foreach var of varlist * {
  6.                 local x = strtoname(`var'[1])
  7.                 rename `var' `x'
  8.         }
  9.         drop if _n==1
 10.         rename State state
 11.         rename City city
 12.         
.         * Drop end rows with notes about dataset
.         drop if _n>=8773
 13.         
.         * Fill in states column
.         replace state = state[_n-1] if missing(state)
 14.         replace state = proper(state)
 15.         replace state = "District of Columbia" if state == "District Of Columbia"
 16.         
.         * Remove footnote marking from state/city names
.         qui forval j = 0/9 {
 17.                 replace state = subinstr(state, "`j'", "", .)
 18.                 replace city = subinstr(city, "`j'", "", .)
 19.         }
 20.         
.         * Replace state name with abbreviation
.         merge m:1 state using "$MyProject/processed/us_states_legality.dta"
 21.         drop state _merge
 22. }
(3 observations deleted)
(1 observation deleted)
(8 observations deleted)
(8,721 real changes made)
(8,772 real changes made)
(1 real change made)

    Result                      Number of obs
    -----------------------------------------
    Not matched                             0
    Matched                             8,772  (_merge==3)
    -----------------------------------------

. 
. // TODO
. 
. ** EOF
. 
end of do-file

. 
. // do "$MyProject/scripts/3a_summarize_ma_zoning_data.do"
. // do "$MyProject/scripts/3b_summarize_states_legality_data.do"
. // do "$MyProject/scripts/3c_summarize_dispensaries_data.do"
. // do "$MyProject/scripts/3d_summarize_prop_assessments_data.do"
. // do "$MyProject/scripts/3e_summarize_home_values_data.do"
. // do "$MyProject/scripts/3f_summarize_boston_crash_data.do"
. // do "$MyProject/scripts/3g_summarize_us_crash_data.do"
. // do "$MyProject/scripts/3h_summarize_boston_crime_data.do"
. // do "$MyProject/scripts/3i_summarize_us_crime_data.do"
. 
. // do "$MyProject/scripts/4a_regression_dispensaries_on_property_assessments.do"
. 
. * End log
. di "End date and time: $S_DATE $S_TIME"
End date and time: 24 Mar 2022 11:04:35

. log close
      name:  <unnamed>
       log:  /Users/anniebryan/Documents/College/2021-22/14.33/Project/scripts/logs/2022.03.24
> -11.03.52.log.txt
  log type:  text
 closed on:  24 Mar 2022, 11:04:35
----------------------------------------------------------------------------------------------
